%!Adobe-FontList 1.13
%Locale:0x409

%BeginFont
Handler:DirectoryHandler
FontType:Invalid
OutlineFileName:C:\Users\rbidwell\Documents\GitHub\254-Final\Font\.DS_Store
FileModTime:1368565206
%EndFont

%BeginFont
Handler:DirectoryHandler
FontType:Invalid
OutlineFileName:C:\Users\rbidwell\Documents\GitHub\254-Final\Font\Michroma-webfont.eot
FileModTime:1368565206
%EndFont

%BeginFont
Handler:DirectoryHandler
FontType:Invalid
OutlineFileName:C:\Users\rbidwell\Documents\GitHub\254-Final\Font\Michroma-webfont.svg
FileModTime:1368565206
%EndFont

%BeginFont
Handler:DirectoryHandler
FontType:TrueType
FontName:Michroma
FamilyName:Michroma
StyleName:Regular
FullName:Michroma Regular
MenuName:Michroma
StyleBits:0
WritingScript:Roman
OutlineFileName:C:\Users\rbidwell\Documents\GitHub\254-Final\Font\Michroma-webfont.ttf
DataFormat:sfntData
FileLength:23932
FileModTime:1368565206
WeightClass:400
WidthClass:5
AngleClass:0
%EndFont

%BeginFont
Handler:DirectoryHandler
FontType:Invalid
OutlineFileName:C:\Users\rbidwell\Documents\GitHub\254-Final\Font\Michroma-webfont.woff
FileModTime:1368565206
%EndFont

%BeginFont
Handler:DirectoryHandler
FontType:Invalid
OutlineFileName:C:\Users\rbidwell\Documents\GitHub\254-Final\Font\stylesheet.css
FileModTime:1368565206
%EndFont

